src/components/RouteConfigureModal.tsx(2,13): error TS6133: 'Search' is declared but its value is never read.
src/pages/ReportPage.tsx(14,5): error TS6133: 'Monitor' is declared but its value is never read.
src/pages/RouteConfigure.tsx(5,5): error TS6133: 'User' is declared but its value is never read.
src/pages/RouteConfigure.tsx(7,5): error TS6133: 'Hash' is declared but its value is never read.
src/pages/RouteConfigure.tsx(9,5): error TS6133: 'Search' is declared but its value is never read.
src/pages/ScheduleVisit.tsx(2,1): error TS6133: 'MasterPage' is declared but its value is never read.
